// Bun Snapshot v1, https://bun.sh/docs/test/snapshots

exports[`Label renders with text content 1`] = `"<label data-slot="label" class="flex items-center gap-2 text-sm leading-none font-medium select-none group-data-[disabled=true]:pointer-events-none group-data-[disabled=true]:opacity-50 peer-disabled:cursor-not-allowed peer-disabled:opacity-50">Email address</label>"`;

exports[`Label renders with htmlFor attribute 1`] = `"<label data-slot="label" class="flex items-center gap-2 text-sm leading-none font-medium select-none group-data-[disabled=true]:pointer-events-none group-data-[disabled=true]:opacity-50 peer-disabled:cursor-not-allowed peer-disabled:opacity-50" for="email-input">Email</label>"`;

exports[`Label accepts custom className 1`] = `"<label data-slot="label" class="flex items-center gap-2 text-sm leading-none font-medium select-none group-data-[disabled=true]:pointer-events-none group-data-[disabled=true]:opacity-50 peer-disabled:cursor-not-allowed peer-disabled:opacity-50 text-destructive">Required *</label>"`;
