// Bun Snapshot v1, https://bun.sh/docs/test/snapshots

exports[`Separator renders with default (horizontal) orientation 1`] = `"<div data-orientation="horizontal" role="none" data-slot="separator" class="bg-border shrink-0 data-[orientation=horizontal]:h-px data-[orientation=horizontal]:w-full data-[orientation=vertical]:h-full data-[orientation=vertical]:w-px"></div>"`;

exports[`Separator renders with vertical orientation 1`] = `"<div data-orientation="vertical" role="none" data-slot="separator" class="bg-border shrink-0 data-[orientation=horizontal]:h-px data-[orientation=horizontal]:w-full data-[orientation=vertical]:h-full data-[orientation=vertical]:w-px"></div>"`;

exports[`Separator renders as non-decorative 1`] = `"<div data-orientation="horizontal" role="separator" data-slot="separator" class="bg-border shrink-0 data-[orientation=horizontal]:h-px data-[orientation=horizontal]:w-full data-[orientation=vertical]:h-full data-[orientation=vertical]:w-px"></div>"`;

exports[`Separator accepts custom className 1`] = `"<div data-orientation="horizontal" role="none" data-slot="separator" class="bg-border shrink-0 data-[orientation=horizontal]:h-px data-[orientation=horizontal]:w-full data-[orientation=vertical]:h-full data-[orientation=vertical]:w-px my-4"></div>"`;
